File logging enabled: logs/live_trading_20251113_113412_400837.log
2025-11-13 11:34:12 - [test-train-fixes] - INFO - ============================================================
2025-11-13 11:34:12 - [test-train-fixes] - INFO - TRAIN_ALL_MODELS.PY FIX VALIDATION SUITE
2025-11-13 11:34:12 - [test-train-fixes] - INFO - ============================================================
2025-11-13 11:34:12 - [test-train-fixes] - INFO - ============================================================
2025-11-13 11:34:12 - [test-train-fixes] - INFO - TEST 1: Feature Mask Loading
2025-11-13 11:34:12 - [test-train-fixes] - INFO - ============================================================
2025-11-13 11:34:12 - [test-train-fixes] - INFO - ✅ PASS: Feature mask found at data/models/cache/gemma/feature_selection_mask.npy
2025-11-13 11:34:12 - [test-train-fixes] - INFO - ✅ PASS: Feature mask loaded successfully
2025-11-13 11:34:12 - [test-train-fixes] - INFO -    Mask shape: (87,)
2025-11-13 11:34:12 - [test-train-fixes] - INFO -    Total features: 87
2025-11-13 11:34:12 - [test-train-fixes] - INFO -    Selected features: 82
2025-11-13 11:34:12 - [test-train-fixes] - INFO - 
============================================================
2025-11-13 11:34:12 - [test-train-fixes] - INFO - TEST 2: JSON Feature Plan Validation
2025-11-13 11:34:12 - [test-train-fixes] - INFO - ============================================================
2025-11-13 11:34:12 - [test-train-fixes] - INFO - ✅ PASS: JSON plan found at features/gemma/selected/gemma_price_selected_82.json
2025-11-13 11:34:12 - [test-train-fixes] - INFO -    Expected feature count: 82
2025-11-13 11:34:12 - [test-train-fixes] - INFO - ✅ PASS: Feature count is correct (82)
2025-11-13 11:34:12 - [test-train-fixes] - INFO - ✅ PASS: JSON plan found at features/gemma/selected/gemma_regime_selected_82.json
2025-11-13 11:34:12 - [test-train-fixes] - INFO -    Expected feature count: 82
2025-11-13 11:34:12 - [test-train-fixes] - INFO - ✅ PASS: Feature count is correct (82)
2025-11-13 11:34:12 - [test-train-fixes] - INFO - 
============================================================
2025-11-13 11:34:12 - [test-train-fixes] - INFO - TEST 3: Mask-JSON Consistency
2025-11-13 11:34:12 - [test-train-fixes] - INFO - ============================================================
2025-11-13 11:34:12 - [test-train-fixes] - INFO - ✅ PASS: price mask-JSON consistency verified (82 features)
2025-11-13 11:34:12 - [test-train-fixes] - INFO - ✅ PASS: regime mask-JSON consistency verified (82 features)
2025-11-13 11:34:12 - [test-train-fixes] - INFO - 
============================================================
2025-11-13 11:34:12 - [test-train-fixes] - INFO - TEST 4: Config Loading and Structure
2025-11-13 11:34:12 - [test-train-fixes] - INFO - ============================================================
2025-11-13 11:34:12 - [test-train-fixes] - INFO - ✅ PASS: Config file found at config/config.example.yaml
2025-11-13 11:34:12 - [test-train-fixes] - INFO - ✅ PASS: GEMMA config found
